
> pax-local@0.1.0 test:e2e
> playwright test e2e/fix08-8ar3.spec.ts --workers=1


Running 1 test using 1 worker

  x  1 e2e\fix08-8ar3.spec.ts:4:5 › 8A-R3 world-space zoom and normal-map visibility (31.4s)


  1) e2e\fix08-8ar3.spec.ts:4:5 › 8A-R3 world-space zoom and normal-map visibility ─────────────────

    Error: expect(received).toBeGreaterThan(expected)

    Expected: > 0
    Received:   0

    Call Log:
    - Timeout 30000ms exceeded while waiting on the predicate

       5 |   test.setTimeout(240_000);await page.setViewportSize({width:1440,height:900});await page.goto("/");await expect(page.getByRole("status").first()).toBeHidden({timeout:30_000});fs.mkdirSync(screenshotDir,{recursive:true});
       6 |   await expect.poll(()=>page.evaluate(()=>window.__PAX_MAP_DEBUG__!.isRenderSettled()),{timeout:60_000}).toBe(true);
    >  7 |   await expect.poll(()=>page.evaluate(()=>{const wanted=new Set(["USA","RUS","CHN"]);return window.__PAX_MAP_DEBUG__!.getRawRenderedCountryLabels().filter(label=>wanted.has(label.countryId)).length}),{timeout:30_000}).toBeGreaterThan(0);const initialResult=await page.evaluate(()=>{const wanted=new Set(["USA","RUS","CHN"]);return window.__PAX_MAP_DEBUG__!.getRawRenderedCountryLabels().filter(label=>wanted.has(label.countryId))});
         |                                                                                                                                                                                                                           ^
       8 |   const initial=Promise.resolve(initialResult);
       9 |   await page.screenshot({path:path.join(screenshotDir,"fix08-world-default-labels.png")});
      10 |   const aus=await page.evaluate(()=>window.__PAX_MAP_DEBUG__!.getCountryLabelPlacement("AUS")) as {anchor:[number,number];fontSizeWorldUnits:number;targetTextWidthWorld:number;availableWidthWorld:number;minZoom:number};
        at D:\SSAFY\WORKSPACE\pax-local\e2e\fix08-8ar3.spec.ts:7:219

    Error Context: test-results\fix08-8ar3-8A-R3-world-space-zoom-and-normal-map-visibility\error-context.md

  1 failed
    e2e\fix08-8ar3.spec.ts:4:5 › 8A-R3 world-space zoom and normal-map visibility ──────────────────
