
> pax-local@0.1.0 test:e2e
> playwright test e2e/fix08-8ar3-retry.spec.ts --workers=1


Running 1 test using 1 worker

  x  1 e2e\fix08-8ar3-retry.spec.ts:4:5 › 8A-R3 capped world-space layout (25.0s)


  1) e2e\fix08-8ar3-retry.spec.ts:4:5 › 8A-R3 capped world-space layout ────────────────────────────

    Error: expect(received).toBe(expected) // Object.is equality

    Expected: true
    Received: false

    Call Log:
    - Timeout 20000ms exceeded while waiting on the predicate

       6 |   const wanted=["USA","RUS","CHN"];await expect.poll(()=>page.evaluate(ids=>window.__PAX_MAP_DEBUG__!.getRawRenderedCountryLabels().filter(x=>ids.includes(x.countryId)).length,wanted),{timeout:30_000}).toBeGreaterThan(0);const initial=await page.evaluate(ids=>window.__PAX_MAP_DEBUG__!.getRawRenderedCountryLabels().filter(x=>ids.includes(x.countryId)),wanted);await page.screenshot({path:path.join(shots,"fix08-world-default-labels.png")});
       7 |   const aus=await page.evaluate(()=>window.__PAX_MAP_DEBUG__!.getCountryLabelPlacement("AUS")) as {anchor:[number,number];availableWidthWorld:number};const samples=[];
    >  8 |   for(const s of [{name:"low",zoom:1},{name:"mid",zoom:2},{name:"high",zoom:3}]){await page.evaluate(({anchor,zoom})=>window.__PAX_MAP_DEBUG__!.jumpTo(anchor,zoom),{anchor:aus.anchor,zoom:s.zoom});await expect.poll(()=>page.evaluate(()=>window.__PAX_MAP_DEBUG__!.isRenderSettled()),{timeout:60_000}).toBe(true);await expect.poll(()=>page.evaluate(()=>window.__PAX_MAP_DEBUG__!.getRawRenderedCountryLabels().some(x=>x.countryId==="AUS")),{timeout:20_000}).toBe(true);const raw=await page.evaluate(()=>window.__PAX_MAP_DEBUG__!.getRawRenderedCountryLabels().find(x=>x.countryId==="AUS")!);await page.screenshot({path:path.join(shots,`fix08-australia-zoom-${s.name}.png`)});const territoryWidth=aus.availableWidthWorld*2**s.zoom;samples.push({zoom:s.zoom,fontSize:raw.fontSize,estimatedWidth:raw.estimatedWidth,territoryWidth,widthRatio:raw.estimatedWidth/territoryWidth,rawCount:await page.evaluate(()=>window.__PAX_MAP_DEBUG__!.getRawRenderedCountryLabels().filter(x=>x.countryId==="AUS").length)})}
         |                                                                                                                                                                                                                                                                                                                                                                                                                                                                        ^
       9 |   const g1=samples[1].fontSize/samples[0].fontSize,g2=samples[2].fontSize/samples[1].fontSize,drift=Math.max(...samples.map(x=>x.widthRatio))-Math.min(...samples.map(x=>x.widthRatio));for(const g of [g1,g2]){expect(g).toBeGreaterThanOrEqual(1.9);expect(g).toBeLessThanOrEqual(2.1)}expect(drift).toBeLessThanOrEqual(.03);
      10 |   const vat=await page.evaluate(()=>window.__PAX_MAP_DEBUG__!.getCountryLabelPlacement("VAT")) as {anchor:[number,number];minZoom:number};await page.evaluate(({anchor,zoom})=>{window.__PAX_MAP_DEBUG__!.showOnlyCountryLabel?.("VAT");window.__PAX_MAP_DEBUG__!.jumpTo(anchor,zoom)},{anchor:vat.anchor,zoom:vat.minZoom-.1});await expect.poll(()=>page.evaluate(()=>window.__PAX_MAP_DEBUG__!.isRenderSettled()),{timeout:60_000}).toBe(true);const before=await page.evaluate(()=>window.__PAX_MAP_DEBUG__!.getRawRenderedCountryLabels().filter(x=>x.countryId==="VAT").length);await page.evaluate(({anchor,zoom})=>window.__PAX_MAP_DEBUG__!.jumpTo(anchor,zoom),{anchor:vat.anchor,zoom:vat.minZoom+.1});await expect.poll(()=>page.evaluate(()=>window.__PAX_MAP_DEBUG__!.getRawRenderedCountryLabels().filter(x=>x.countryId==="VAT").length),{timeout:20_000}).toBe(1);const after=await page.evaluate(()=>window.__PAX_MAP_DEBUG__!.getRawRenderedCountryLabels().find(x=>x.countryId==="VAT")!);expect(before).toBe(0);expect(after.fontSize).toBeGreaterThanOrEqual(12);
      11 |   const report={subtask:"8A-R3",status:"pass",expression:"min(48px, fontSizeWorldUnits * 2^zoom)",cap:{pixels:48,rationale:"MapLibre line anchors use the expression-wide textMaxSize"},initialWorld:{center:[45,25],zoom:1,requiredCandidates:wanted,rendered:initial.map(x=>x.countryId),screenshot:"screenshots/fix08-world-default-labels.png"},australia:{samples,growthLowToMid:g1,growthMidToHigh:g2,widthRatioDrift:drift,screenshots:["screenshots/fix08-australia-zoom-low.png","screenshots/fix08-australia-zoom-mid.png","screenshots/fix08-australia-zoom-high.png"]},minZoom:{countryId:"VAT",minZoom:vat.minZoom,beforeRaw:before,afterRaw:1,afterFontSize:after.fontSize},gates:{zoomGrowth:true,widthRatioDrift:true,initialMajorVisible:true,minZoomBoundary:true,status:"pass"}};fs.mkdirSync(path.dirname(reportFile),{recursive:true});fs.writeFileSync(reportFile,JSON.stringify(report,null,2)+"\n");
        at D:\SSAFY\WORKSPACE\pax-local\e2e\fix08-8ar3-retry.spec.ts:8:456

    Error Context: test-results\fix08-8ar3-retry-8A-R3-capped-world-space-layout\error-context.md

  1 failed
    e2e\fix08-8ar3-retry.spec.ts:4:5 › 8A-R3 capped world-space layout ─────────────────────────────
