
> pax-local@0.1.0 test:e2e
> playwright test e2e/fix08-8ar3.spec.ts --workers=1


Running 1 test using 1 worker

R3_DIAGNOSTICS {"zoom":1.25,"sourceCount":515,"sourceMajor":[{"countryId":"USA","geometryType":"LineString","minZoom":1,"fontSizeWorldUnits":20.405541},{"countryId":"RUS","geometryType":"LineString","minZoom":1,"fontSizeWorldUnits":26.67658},{"countryId":"USA","geometryType":"LineString","minZoom":1,"fontSizeWorldUnits":20.405541},{"countryId":"RUS","geometryType":"LineString","minZoom":1,"fontSizeWorldUnits":26.67658},{"countryId":"CHN","geometryType":"LineString","minZoom":1,"fontSizeWorldUnits":20.008407},{"countryId":"CHN","geometryType":"LineString","minZoom":1,"fontSizeWorldUnits":20.008407},{"countryId":"RUS","geometryType":"LineString","minZoom":1,"fontSizeWorldUnits":26.67658}],"prototypeFilter":["all",["<=",["get","minZoom"],1.25],["all",["==",["get","placementMode"],"curved-line"],["in",["get","countryId"],["literal",["RUS","USA","CHN","CHL","IDN"]]]]],"prototypeTextSize":["interpolate",["exponential",2],["zoom"],0,["get","fontSizeWorldUnits"],1,["*",["get","fontSizeWorldUnits"],2],2,["*",["get","fontSizeWorldUnits"],4],3,["*",["get","fontSizeWorldUnits"],8],4,["*",["get","fontSizeWorldUnits"],16],5,["*",["get","fontSizeWorldUnits"],32],6,["*",["get","fontSizeWorldUnits"],64],7,["*",["get","fontSizeWorldUnits"],128],8,["*",["get","fontSizeWorldUnits"],256],9,["*",["get","fontSizeWorldUnits"],512]],"rendered":[],"rawCount":0}
  x  1 e2e\fix08-8ar3.spec.ts:4:5 › 8A-R3 world-space zoom and normal-map visibility (3.8s)


  1) e2e\fix08-8ar3.spec.ts:4:5 › 8A-R3 world-space zoom and normal-map visibility ─────────────────

    Error: expect(received).toBeGreaterThan(expected)

    Expected: > 0
    Received:   0

    Call Log:
    - Timeout 2000ms exceeded while waiting on the predicate

       6 |   await expect.poll(()=>page.evaluate(()=>window.__PAX_MAP_DEBUG__!.isRenderSettled()),{timeout:60_000}).toBe(true);
       7 |   console.log("R3_DIAGNOSTICS",JSON.stringify(await page.evaluate(()=>window.__PAX_MAP_DEBUG__!.getCountryLabelRenderDiagnostics?.())));
    >  8 |   await expect.poll(()=>page.evaluate(()=>{const wanted=new Set(["USA","RUS","CHN"]);return window.__PAX_MAP_DEBUG__!.getRawRenderedCountryLabels().filter(label=>wanted.has(label.countryId)).length}),{timeout:2_000}).toBeGreaterThan(0);const initialResult=await page.evaluate(()=>{const wanted=new Set(["USA","RUS","CHN"]);return window.__PAX_MAP_DEBUG__!.getRawRenderedCountryLabels().filter(label=>wanted.has(label.countryId))});
         |                                                                                                                                                                                                                          ^
       9 |   const initial=Promise.resolve(initialResult);
      10 |   await page.screenshot({path:path.join(screenshotDir,"fix08-world-default-labels.png")});
      11 |   const aus=await page.evaluate(()=>window.__PAX_MAP_DEBUG__!.getCountryLabelPlacement("AUS")) as {anchor:[number,number];fontSizeWorldUnits:number;targetTextWidthWorld:number;availableWidthWorld:number;minZoom:number};
        at D:\SSAFY\WORKSPACE\pax-local\e2e\fix08-8ar3.spec.ts:8:218

    Error Context: test-results\fix08-8ar3-8A-R3-world-space-zoom-and-normal-map-visibility\error-context.md

  1 failed
    e2e\fix08-8ar3.spec.ts:4:5 › 8A-R3 world-space zoom and normal-map visibility ──────────────────
